Traceback (most recent call last):
  File "/Users/dmitryfatsievich/Desktop/education/LONDON/FINAL PROJECT/merge_corpora.py", line 75, in <module>
    main()
  File "/Users/dmitryfatsievich/Desktop/education/LONDON/FINAL PROJECT/merge_corpora.py", line 48, in main
    df = load_one(path, spec)
         ^^^^^^^^^^^^^^^^^^^^
  File "/Users/dmitryfatsievich/Desktop/education/LONDON/FINAL PROJECT/merge_corpora.py", line 32, in load_one
    else pd.read_csv(path)
         ^^^^^^^^^^^^^^^^^
  File "/Users/dmitryfatsievich/miniconda3/lib/python3.12/site-packages/pandas/io/parsers/readers.py", line 1026, in read_csv
    return _read(filepath_or_buffer, kwds)
           ^^^^^^^^^^^^^^^^^^^^^^^^^^^^^^^
  File "/Users/dmitryfatsievich/miniconda3/lib/python3.12/site-packages/pandas/io/parsers/readers.py", line 620, in _read
    parser = TextFileReader(filepath_or_buffer, **kwds)
             ^^^^^^^^^^^^^^^^^^^^^^^^^^^^^^^^^^^^^^^^^^
  File "/Users/dmitryfatsievich/miniconda3/lib/python3.12/site-packages/pandas/io/parsers/readers.py", line 1620, in __init__
    self._engine = self._make_engine(f, self.engine)
                   ^^^^^^^^^^^^^^^^^^^^^^^^^^^^^^^^^
  File "/Users/dmitryfatsievich/miniconda3/lib/python3.12/site-packages/pandas/io/parsers/readers.py", line 1898, in _make_engine
    return mapping[engine](f, **self.options)
           ^^^^^^^^^^^^^^^^^^^^^^^^^^^^^^^^^^
  File "/Users/dmitryfatsievich/miniconda3/lib/python3.12/site-packages/pandas/io/parsers/c_parser_wrapper.py", line 93, in __init__
    self._reader = parsers.TextReader(src, **kwds)
                   ^^^^^^^^^^^^^^^^^^^^^^^^^^^^^^^
  File "pandas/_libs/parsers.pyx", line 581, in pandas._libs.parsers.TextReader.__cinit__
pandas.errors.EmptyDataError: No columns to parse from file
